users: [
  {
    id: 1,
    username: 'admin',
    password: '123',
    role: 'admin',
    name: 'Administrador'
  },
  {
    id: 2,
    username: 'caja1',
    password: '123',
    role: 'cashier',
    name: 'Cajero Principal Salomon'
  }
] null
